
> carnotix@0.1.0 build
> next build

Γû▓ Next.js 16.1.1 (Turbopack)

  Creating an optimized production build ...
Γ£ô Compiled successfully in 1566.2ms
  Running TypeScript ...
node.exe : Failed to 
compile.
At line:1 char:1
+ & "C:\Program Files
\nodejs/node.exe" 
"C:\Users\ABHINAND 
C\AppData\Roa ...
+ ~~~~~~~~~~~~~~~~~~~
~~~~~~~~~~~~~~~~~~~~~
~~~~~~~~~~~~~~~~~~~~~
~~~~~~~~
    + CategoryInfo   
           : NotSpe  
  cified: (Failed    
 to compile.:Stri    
ng) [], RemoteEx    
ception
    + FullyQualified 
   ErrorId : Native  
  CommandError
 

./components/layout/H
eader.tsx:1:20
Type error: Already 
included file name 
'C:/Users/ABHINAND C/
OneDrive/Desktop/Main
projects/carnotix/com
ponents/navbar/Navbar
.tsx' differs from 
file name 
'C:/Users/ABHINAND C/
OneDrive/Desktop/Main
projects/carnotix/com
ponents/Navbar/Navbar
.tsx' only in casing.
  The file is in the 
program because:
    Imported via 
"../navbar/Navbar" 
from file 
'C:/Users/ABHINAND C/
OneDrive/Desktop/Main
projects/carnotix/com
ponents/layout/Header
.tsx'
    Root file 
specified for 
compilation

[0m[31m[1m>[22m[
39m[90m 1 |[39m 
[36mimport[39m 
[33mNavbar[39m 
[36mfrom[39m [32m"
../navbar/Navbar"[39
m[33m;[39m
 [90m   |[39m      
              
[31m[1m^[22m[39m
 [90m 2 |[39m
 [90m 3 |[39m 
[36mexport[39m 
[36mdefault[39m 
[36mfunction[39m 
[33mHeader[39m() {
 [90m 4 |[39m   
[36mreturn[39m 
([0m
Next.js build worker 
exited with code: 1 
and signal: null
